Microsoft Windows [Version 10.0.19044.2130]
(c) Microsoft Corporation. All rights reserved.

C:\Users\Johnson\Desktop\CMPUT_404\Labs\Lab_7>curl localhost:5000
{
    "hello": "world"
}

C:\Users\Johnson\Desktop\CMPUT_404\Labs\Lab_7>curl localhost:5000/todos
{
    "1": {
        "task": "build api"
    },
    "2": {
        "task": "??????"
    },
    "3": {
        "task": "profit"
    }
}

C:\Users\Johnson\Desktop\CMPUT_404\Labs\Lab_7>curl localhost:5000/todos/3
{
    "task": "profit"
}

C:\Users\Johnson\Desktop\CMPUT_404\Labs\Lab_7>curl -v -X DELETE localhost:5000/todos/2
*   Trying 127.0.0.1:5000...
* Connected to localhost (127.0.0.1) port 5000 (#0)
> DELETE /todos/2 HTTP/1.1
> Host: localhost:5000
> User-Agent: curl/7.83.1
> Accept: */*
>
* Mark bundle as not supporting multiuse
< HTTP/1.1 204 NO CONTENT
< Server: Werkzeug/2.2.2 Python/3.9.13
< Date: Tue, 25 Oct 2022 00:09:28 GMT
< Content-Type: application/json
< Connection: close
<
* Closing connection 0

C:\Users\Johnson\Desktop\CMPUT_404\Labs\Lab_7>curl localhost:5000/todos
{
    "1": {
        "task": "build api"
    },
    "3": {
        "task": "profit"
    }
}

C:\Users\Johnson\Desktop\CMPUT_404\Labs\Lab_7>curl -v -X POST localhost:5000/todos -d "task=make sureto do more"
Note: Unnecessary use of -X or --request, POST is already inferred.
*   Trying 127.0.0.1:5000...
* Connected to localhost (127.0.0.1) port 5000 (#0)
> POST /todos HTTP/1.1
> Host: localhost:5000
> User-Agent: curl/7.83.1
> Accept: */*
> Content-Length: 25
> Content-Type: application/x-www-form-urlencoded
>
* Mark bundle as not supporting multiuse
< HTTP/1.1 400 BAD REQUEST
< Server: Werkzeug/2.2.2 Python/3.9.13
< Date: Tue, 25 Oct 2022 00:12:24 GMT
< Content-Type: application/json
< Content-Length: 116
< Connection: close
<
{
    "message": "Did not attempt to load JSON data because the request Content-Type was not 'application/json'."
}
* Closing connection 0

C:\Users\Johnson\Desktop\CMPUT_404\Labs\Lab_7>curl -v -X POST localhost:5000/todos -d -h "Content-Type: application/json" "task=make sure to do more"
Note: Unnecessary use of -X or --request, POST is already inferred.
*   Trying 127.0.0.1:5000...
* Connected to localhost (127.0.0.1) port 5000 (#0)
> POST /todos HTTP/1.1
> Host: localhost:5000
> User-Agent: curl/7.83.1
> Accept: */*
> Content-Length: 2
> Content-Type: application/x-www-form-urlencoded
>
* Mark bundle as not supporting multiuse
< HTTP/1.1 400 BAD REQUEST
< Server: Werkzeug/2.2.2 Python/3.9.13
< Date: Tue, 25 Oct 2022 00:13:55 GMT
< Content-Type: application/json
< Content-Length: 116
< Connection: close
<
{
    "message": "Did not attempt to load JSON data because the request Content-Type was not 'application/json'."
}
* Closing connection 0
Note: Unnecessary use of -X or --request, POST is already inferred.
* Closing connection -1
curl: (3) URL using bad/illegal format or missing URL
Note: Unnecessary use of -X or --request, POST is already inferred.
* Closing connection -1
curl: (3) URL using bad/illegal format or missing URL

C:\Users\Johnson\Desktop\CMPUT_404\Labs\Lab_7>curl -v -X POST localhost:5000/todos -h "Content-Type: application/json" -d "task=make sure to do more"
Usage: curl [options...] <url>
Invalid category provided, here is a list of all categories:

 auth        Different types of authentication methods
 connection  Low level networking operations
 curl        The command line tool itself
 dns         General DNS options
 file        FILE protocol options
 ftp         FTP protocol options
 http        HTTP and HTTPS protocol options
 imap        IMAP protocol options
 misc        Options that don't fit into any other category
 output      Filesystem output
 pop3        POP3 protocol options
 post        HTTP Post specific options
 proxy       All options related to proxies
 scp         SCP protocol options
 sftp        SFTP protocol options
 smtp        SMTP protocol options
 ssh         SSH protocol options
 telnet      TELNET protocol options
 tftp        TFTP protocol options
 tls         All TLS/SSL related options
 upload      All options for uploads
 verbose     Options related to any kind of command line output of curl

C:\Users\Johnson\Desktop\CMPUT_404\Labs\Lab_7>curl -v -X POST localhost:5000/todos -d "task=make sureto do more"
Note: Unnecessary use of -X or --request, POST is already inferred.
*   Trying 127.0.0.1:5000...
* Connected to localhost (127.0.0.1) port 5000 (#0)
> POST /todos HTTP/1.1
> Host: localhost:5000
> User-Agent: curl/7.83.1
> Accept: */*
> Content-Length: 25
> Content-Type: application/x-www-form-urlencoded
>
* Mark bundle as not supporting multiuse
< HTTP/1.1 400 BAD REQUEST
< Server: Werkzeug/2.2.2 Python/3.9.13
< Date: Tue, 25 Oct 2022 00:14:24 GMT
< Content-Type: application/json
< Content-Length: 116
< Connection: close
<
{
    "message": "Did not attempt to load JSON data because the request Content-Type was not 'application/json'."
}
* Closing connection 0

C:\Users\Johnson\Desktop\CMPUT_404\Labs\Lab_7>curl -v -H "Content-Type: application/json" -X POST localhost:5000/todos -d "task=make sure to do more"
Note: Unnecessary use of -X or --request, POST is already inferred.
*   Trying 127.0.0.1:5000...
* Connected to localhost (127.0.0.1) port 5000 (#0)
> POST /todos HTTP/1.1
> Host: localhost:5000
> User-Agent: curl/7.83.1
> Accept: */*
> Content-Type: application/json
> Content-Length: 25
>
* Mark bundle as not supporting multiuse
< HTTP/1.1 400 BAD REQUEST
< Server: Werkzeug/2.2.2 Python/3.9.13
< Date: Tue, 25 Oct 2022 00:15:20 GMT
< Content-Type: application/json
< Content-Length: 93
< Connection: close
<
{
    "message": "Failed to decode JSON object: Expecting value: line 1 column 1 (char 0)"
}
* Closing connection 0

C:\Users\Johnson\Desktop\CMPUT_404\Labs\Lab_7>curl -v -H "Content-Type: application/json" -X POST localhost:5000/todos -d "{task:make sure to do more}"
Note: Unnecessary use of -X or --request, POST is already inferred.
*   Trying 127.0.0.1:5000...
* Connected to localhost (127.0.0.1) port 5000 (#0)
> POST /todos HTTP/1.1
> Host: localhost:5000
> User-Agent: curl/7.83.1
> Accept: */*
> Content-Type: application/json
> Content-Length: 27
>
* Mark bundle as not supporting multiuse
< HTTP/1.1 400 BAD REQUEST
< Server: Werkzeug/2.2.2 Python/3.9.13
< Date: Tue, 25 Oct 2022 00:15:44 GMT
< Content-Type: application/json
< Content-Length: 127
< Connection: close
<
{
    "message": "Failed to decode JSON object: Expecting property name enclosed in double quotes: line1 column 2 (char 1)"
}
* Closing connection 0

C:\Users\Johnson\Desktop\CMPUT_404\Labs\Lab_7>curl -v -H "Content-Type: application/json" -X POST localhost:5000/todos -d "{"task": "make sure to do more"}"
Note: Unnecessary use of -X or --request, POST is already inferred.
*   Trying 127.0.0.1:5000...
* Connected to localhost (127.0.0.1) port 5000 (#0)
> POST /todos HTTP/1.1
> Host: localhost:5000
> User-Agent: curl/7.83.1
> Accept: */*
> Content-Type: application/json
> Content-Length: 11
>
* Mark bundle as not supporting multiuse
< HTTP/1.1 400 BAD REQUEST
< Server: Werkzeug/2.2.2 Python/3.9.13
< Date: Tue, 25 Oct 2022 00:16:48 GMT
< Content-Type: application/json
< Content-Length: 127
< Connection: close
<
{
    "message": "Failed to decode JSON object: Expecting property name enclosed in double quotes: line1 column 2 (char 1)"
}
* Closing connection 0
Note: Unnecessary use of -X or --request, POST is already inferred.
* Could not resolve host: sure
* Closing connection 1
curl: (6) Could not resolve host: sure
Note: Unnecessary use of -X or --request, POST is already inferred.
* Could not resolve host: to
* Closing connection 2
curl: (6) Could not resolve host: to
Note: Unnecessary use of -X or --request, POST is already inferred.
* Could not resolve host: do
* Closing connection 3
curl: (6) Could not resolve host: do
curl: (3) unmatched close brace/bracket in URL position 5:
more}
    ^

C:\Users\Johnson\Desktop\CMPUT_404\Labs\Lab_7>curl -v -X POST localhost:5000/todos -d "task=make sureto do lab 7 questions"
Note: Unnecessary use of -X or --request, POST is already inferred.
*   Trying 127.0.0.1:5000...
* Connected to localhost (127.0.0.1) port 5000 (#0)
> POST /todos HTTP/1.1
> Host: localhost:5000
> User-Agent: curl/7.83.1
> Accept: */*
> Content-Length: 36
> Content-Type: application/x-www-form-urlencoded
>
* Mark bundle as not supporting multiuse
< HTTP/1.1 400 BAD REQUEST
< Server: Werkzeug/2.2.2 Python/3.9.13
< Date: Tue, 25 Oct 2022 00:17:25 GMT
< Content-Type: application/json
< Content-Length: 116
< Connection: close
<
{
    "message": "Did not attempt to load JSON data because the request Content-Type was not 'application/json'."
}
* Closing connection 0

C:\Users\Johnson\Desktop\CMPUT_404\Labs\Lab_7>curl -v -H "Content-Type: application/www-x-urlencoded"-X POST localhost:5000/todos -d "{"task": "make sure to do more"}"
Note: Unnecessary use of -X or --request, POST is already inferred.
*   Trying 127.0.0.1:5000...
* Connected to localhost (127.0.0.1) port 5000 (#0)
> POST /todos HTTP/1.1
> Host: localhost:5000
> User-Agent: curl/7.83.1
> Accept: */*
> Content-Type: application/www-x-urlencoded
> Content-Length: 11
>
* Mark bundle as not supporting multiuse
< HTTP/1.1 400 BAD REQUEST
< Server: Werkzeug/2.2.2 Python/3.9.13
< Date: Tue, 25 Oct 2022 00:17:42 GMT
< Content-Type: application/json
< Content-Length: 116
< Connection: close
<
{
    "message": "Did not attempt to load JSON data because the request Content-Type was not 'application/json'."
}
* Closing connection 0
Note: Unnecessary use of -X or --request, POST is already inferred.
* Could not resolve host: sure
* Closing connection 1
curl: (6) Could not resolve host: sure
Note: Unnecessary use of -X or --request, POST is already inferred.
* Could not resolve host: to
* Closing connection 2
curl: (6) Could not resolve host: to
Note: Unnecessary use of -X or --request, POST is already inferred.
* Could not resolve host: do
* Closing connection 3
curl: (6) Could not resolve host: do
curl: (3) unmatched close brace/bracket in URL position 5:
more}
    ^

C:\Users\Johnson\Desktop\CMPUT_404\Labs\Lab_7>curl -v -H "Content-Type: application/www-x-urlencoded"-X POST localhost:5000/todos -d "{\"task\": \"make sure to do more\"}"
Note: Unnecessary use of -X or --request, POST is already inferred.
*   Trying 127.0.0.1:5000...
* Connected to localhost (127.0.0.1) port 5000 (#0)
> POST /todos HTTP/1.1
> Host: localhost:5000
> User-Agent: curl/7.83.1
> Accept: */*
> Content-Type: application/www-x-urlencoded
> Content-Length: 32
>
* Mark bundle as not supporting multiuse
< HTTP/1.1 400 BAD REQUEST
< Server: Werkzeug/2.2.2 Python/3.9.13
< Date: Tue, 25 Oct 2022 00:18:37 GMT
< Content-Type: application/json
< Content-Length: 116
< Connection: close
<
{
    "message": "Did not attempt to load JSON data because the request Content-Type was not 'application/json'."
}
* Closing connection 0

C:\Users\Johnson\Desktop\CMPUT_404\Labs\Lab_7>curl -v -H "Content-Type: application/json" -X POST localhost:5000/todos -d "{\"task\": \"make sure to do more\"}"
Note: Unnecessary use of -X or --request, POST is already inferred.
*   Trying 127.0.0.1:5000...
* Connected to localhost (127.0.0.1) port 5000 (#0)
> POST /todos HTTP/1.1
> Host: localhost:5000
> User-Agent: curl/7.83.1
> Accept: */*
> Content-Type: application/json
> Content-Length: 32
>
* Mark bundle as not supporting multiuse
< HTTP/1.1 201 CREATED
< Server: Werkzeug/2.2.2 Python/3.9.13
< Date: Tue, 25 Oct 2022 00:18:57 GMT
< Content-Type: application/json
< Content-Length: 39
< Connection: close
<
{
    "task": "make sure to do more"
}
* Closing connection 0

C:\Users\Johnson\Desktop\CMPUT_404\Labs\Lab_7>curl localhost:5000/todos
{
    "1": {
        "task": "build api"
    },
    "3": {
        "task": "profit"
    },
    "4": {
        "task": "make sure to do more"
    }
}

C:\Users\Johnson\Desktop\CMPUT_404\Labs\Lab_7>curl -v -X PUT localhost:5000/todos/3 -d "task=profit more"
*   Trying 127.0.0.1:5000...
* Connected to localhost (127.0.0.1) port 5000 (#0)
> PUT /todos/3 HTTP/1.1
> Host: localhost:5000
> User-Agent: curl/7.83.1
> Accept: */*
> Content-Length: 16
> Content-Type: application/x-www-form-urlencoded
>
* Mark bundle as not supporting multiuse
< HTTP/1.1 400 BAD REQUEST
< Server: Werkzeug/2.2.2 Python/3.9.13
< Date: Tue, 25 Oct 2022 00:20:32 GMT
< Content-Type: application/json
< Content-Length: 116
< Connection: close
<
{
    "message": "Did not attempt to load JSON data because the request Content-Type was not 'application/json'."
}
* Closing connection 0

C:\Users\Johnson\Desktop\CMPUT_404\Labs\Lab_7>curl -v -H "Content-Type: application/json" -X PUT localhost:5000/todos/3 -d "{\"task\":\"profit more\"}"
*   Trying 127.0.0.1:5000...
* Connected to localhost (127.0.0.1) port 5000 (#0)
> PUT /todos/3 HTTP/1.1
> Host: localhost:5000
> User-Agent: curl/7.83.1
> Accept: */*
> Content-Type: application/json
> Content-Length: 22
>
* Mark bundle as not supporting multiuse
< HTTP/1.1 201 CREATED
< Server: Werkzeug/2.2.2 Python/3.9.13
< Date: Tue, 25 Oct 2022 00:21:27 GMT
< Content-Type: application/json
< Content-Length: 30
< Connection: close
<
{
    "task": "profit more"
}
* Closing connection 0

C:\Users\Johnson\Desktop\CMPUT_404\Labs\Lab_7>curl localhost:5000/todos
{
    "1": {
        "task": "build api"
    },
    "3": {
        "task": "profit more"
    },
    "4": {
        "task": "make sure to do more"
    }
}

C:\Users\Johnson\Desktop\CMPUT_404\Labs\Lab_7>http :5000
'http' is not recognized as an internal or external command,
operable program or batch file.

C:\Users\Johnson\Desktop\CMPUT_404\Labs\Lab_7>venv\Scripts\activate

(venv) C:\Users\Johnson\Desktop\CMPUT_404\Labs\Lab_7>http :5000
HTTP/1.1 404 NOT FOUND
Connection: close
Content-Length: 207
Content-Type: text/html; charset=utf-8
Date: Tue, 25 Oct 2022 00:27:28 GMT
Server: Werkzeug/2.2.2 Python/3.9.13

<!doctype html>
<html lang=en>
<title>404 Not Found</title>
<h1>Not Found</h1>
<p>The requested URL was not found on the server. If you entered the URL manually please check your spelling and try again.</p>



(venv) C:\Users\Johnson\Desktop\CMPUT_404\Labs\Lab_7>http :5000/todos
HTTP/1.1 200 OK
Connection: close
Content-Length: 135
Content-Type: application/json
Date: Tue, 25 Oct 2022 00:28:29 GMT
Server: Werkzeug/2.2.2 Python/3.9.13

{
    "1": {
        "task": "build api"
    },
    "2": {
        "task": "??????"
    },
    "3": {
        "task": "profit"
    }
}



(venv) C:\Users\Johnson\Desktop\CMPUT_404\Labs\Lab_7>http localhost:5000/todos
HTTP/1.1 200 OK
Connection: close
Content-Length: 135
Content-Type: application/json
Date: Tue, 25 Oct 2022 00:29:05 GMT
Server: Werkzeug/2.2.2 Python/3.9.13

{
    "1": {
        "task": "build api"
    },
    "2": {
        "task": "??????"
    },
    "3": {
        "task": "profit"
    }
}



(venv) C:\Users\Johnson\Desktop\CMPUT_404\Labs\Lab_7>http HEAD :5000/todos
HTTP/1.1 200 OK
Connection: close
Content-Length: 135
Content-Type: application/json
Date: Tue, 25 Oct 2022 00:29:30 GMT
Server: Werkzeug/2.2.2 Python/3.9.13





(venv) C:\Users\Johnson\Desktop\CMPUT_404\Labs\Lab_7>http HEAD :5000/todos task="trying httpie"
HTTP/1.1 200 OK
Connection: close
Content-Length: 135
Content-Type: application/json
Date: Tue, 25 Oct 2022 00:29:56 GMT
Server: Werkzeug/2.2.2 Python/3.9.13





(venv) C:\Users\Johnson\Desktop\CMPUT_404\Labs\Lab_7>http HEAD :5000/todos
HTTP/1.1 200 OK
Connection: close
Content-Length: 135
Content-Type: application/json
Date: Tue, 25 Oct 2022 00:30:58 GMT
Server: Werkzeug/2.2.2 Python/3.9.13





(venv) C:\Users\Johnson\Desktop\CMPUT_404\Labs\Lab_7>http :5000/todos
HTTP/1.1 200 OK
Connection: close
Content-Length: 135
Content-Type: application/json
Date: Tue, 25 Oct 2022 00:31:08 GMT
Server: Werkzeug/2.2.2 Python/3.9.13

{
    "1": {
        "task": "build api"
    },
    "2": {
        "task": "??????"
    },
    "3": {
        "task": "profit"
    }
}



(venv) C:\Users\Johnson\Desktop\CMPUT_404\Labs\Lab_7>http POST :5000/todos task="trying httpie"
HTTP/1.1 201 CREATED
Connection: close
Content-Length: 32
Content-Type: application/json
Date: Tue, 25 Oct 2022 00:32:33 GMT
Server: Werkzeug/2.2.2 Python/3.9.13

{
    "task": "trying httpie"
}



(venv) C:\Users\Johnson\Desktop\CMPUT_404\Labs\Lab_7>http :5000/todos
HTTP/1.1 200 OK
Connection: close
Content-Length: 185
Content-Type: application/json
Date: Tue, 25 Oct 2022 00:32:39 GMT
Server: Werkzeug/2.2.2 Python/3.9.13

{
    "1": {
        "task": "build api"
    },
    "2": {
        "task": "??????"
    },
    "3": {
        "task": "profit"
    },
    "4": {
        "task": "trying httpie"
    }
}



(venv) C:\Users\Johnson\Desktop\CMPUT_404\Labs\Lab_7>code answers.txt

(venv) C:\Users\Johnson\Desktop\CMPUT_404\Labs\Lab_7>
